--------------------------------------------------------------------------------
Release 14.4 Trace  (nt64)
Copyright (c) 1995-2012 Xilinx, Inc.  All rights reserved.

C:\Xilinx\14.4\ISE_DS\ISE\bin\nt64\unwrapped\trce.exe -intstyle ise -v 3 -s 4
-n 3 -fastpaths -xml VendMachine.twx VendMachine.ncd -o VendMachine.twr
VendMachine.pcf -ucf vend_uc.ucf

Design file:              VendMachine.ncd
Physical constraint file: VendMachine.pcf
Device,package,speed:     xc3s100e,cp132,-4 (PRODUCTION 1.27 2012-12-04)
Report level:             verbose report

Environment Variable      Effect 
--------------------      ------ 
NONE                      No environment variables were set
--------------------------------------------------------------------------------

INFO:Timing:2698 - No timing constraints found, doing default enumeration.
INFO:Timing:3412 - To improve timing, see the Timing Closure User Guide (UG612).
INFO:Timing:2752 - To get complete path coverage, use the unconstrained paths 
   option. All paths that are not constrained will be reported in the 
   unconstrained paths section(s) of the report.
INFO:Timing:3339 - The clock-to-out numbers in this timing report are based on 
   a 50 Ohm transmission line loading model.  For the details of this model, 
   and for more information on accounting for different loading conditions, 
   please see the device datasheet.
INFO:Timing:3390 - This architecture does not support a default System Jitter 
   value, please add SYSTEM_JITTER constraint to the UCF to modify the Clock 
   Uncertainty calculation.
INFO:Timing:3389 - This architecture does not support 'Discrete Jitter' and 
   'Phase Error' calculations, these terms will be zero in the Clock 
   Uncertainty calculation.  Please make appropriate modification to 
   SYSTEM_JITTER to account for the unsupported Discrete Jitter and Phase 
   Error.



Data Sheet report:
-----------------
All values displayed in nanoseconds (ns)

Setup/Hold to clock VendA
------------+------------+------------+------------------+--------+
            |Max Setup to|Max Hold to |                  | Clock  |
Source      | clk (edge) | clk (edge) |Internal Clock(s) | Phase  |
------------+------------+------------+------------------+--------+
VendB       |    5.693(F)|    2.602(F)|Di_not0001        |   0.000|
VendC       |    5.039(F)|    3.777(F)|Di_not0001        |   0.000|
VendD       |    4.488(F)|    0.907(F)|Di_not0001        |   0.000|
------------+------------+------------+------------------+--------+

Clock Clock to Pad
--------------------+------------+------------------+--------+
                    | clk (edge) |                  | Clock  |
Destination         |   to PAD   |Internal Clock(s) | Phase  |
--------------------+------------+------------------+--------+
AN<0>               |    9.875(R)|Clock_BUFGP       |   0.000|
AN<1>               |    9.633(R)|Clock_BUFGP       |   0.000|
AN<2>               |    8.885(R)|Clock_BUFGP       |   0.000|
AN<3>               |    8.958(R)|Clock_BUFGP       |   0.000|
Clock_out           |    8.635(R)|Clock_BUFGP       |   0.000|
Seven_segment_out<0>|   10.097(R)|Clock_BUFGP       |   0.000|
Seven_segment_out<1>|    9.757(R)|Clock_BUFGP       |   0.000|
Seven_segment_out<2>|   10.623(R)|Clock_BUFGP       |   0.000|
Seven_segment_out<3>|   10.287(R)|Clock_BUFGP       |   0.000|
Seven_segment_out<4>|   10.228(R)|Clock_BUFGP       |   0.000|
Seven_segment_out<5>|   10.133(R)|Clock_BUFGP       |   0.000|
Seven_segment_out<6>|   10.630(R)|Clock_BUFGP       |   0.000|
--------------------+------------+------------------+--------+

Clock VendA to Pad
--------------------+------------+------------------+--------+
                    | clk (edge) |                  | Clock  |
Destination         |   to PAD   |Internal Clock(s) | Phase  |
--------------------+------------+------------------+--------+
Seven_segment_out<0>|   23.533(F)|Ai_not0001        |   0.000|
Seven_segment_out<1>|   24.564(F)|Ai_not0001        |   0.000|
Seven_segment_out<2>|   24.417(F)|Ai_not0001        |   0.000|
Seven_segment_out<3>|   23.490(F)|Ai_not0001        |   0.000|
Seven_segment_out<4>|   20.807(F)|Ai_not0001        |   0.000|
Seven_segment_out<5>|   23.450(F)|Ai_not0001        |   0.000|
Seven_segment_out<6>|   25.452(F)|Ai_not0001        |   0.000|
SoldOut             |   18.340(F)|Ai_not0001        |   0.000|
--------------------+------------+------------------+--------+

Clock to Setup on destination clock Clock
---------------+---------+---------+---------+---------+
               | Src:Rise| Src:Fall| Src:Rise| Src:Fall|
Source Clock   |Dest:Rise|Dest:Rise|Dest:Fall|Dest:Fall|
---------------+---------+---------+---------+---------+
Clock          |    4.303|         |         |         |
---------------+---------+---------+---------+---------+

Clock to Setup on destination clock VendA
---------------+---------+---------+---------+---------+
               | Src:Rise| Src:Fall| Src:Rise| Src:Fall|
Source Clock   |Dest:Rise|Dest:Rise|Dest:Fall|Dest:Fall|
---------------+---------+---------+---------+---------+
VendA          |         |         |    3.484|    7.774|
---------------+---------+---------+---------+---------+

Pad to Pad
---------------+--------------------+---------+
Source Pad     |Destination Pad     |  Delay  |
---------------+--------------------+---------+
Toggle_Hex1    |Seven_segment_out<0>|   13.849|
Toggle_Hex1    |Seven_segment_out<1>|   14.015|
Toggle_Hex1    |Seven_segment_out<2>|   12.651|
Toggle_Hex1    |Seven_segment_out<3>|   12.839|
Toggle_Hex1    |Seven_segment_out<4>|   12.867|
Toggle_Hex1    |Seven_segment_out<5>|   10.742|
Toggle_Hex1    |Seven_segment_out<6>|   11.552|
VendA          |MoreCash            |    9.931|
VendA          |Seven_segment_out<0>|   17.850|
VendA          |Seven_segment_out<1>|   18.881|
VendA          |Seven_segment_out<2>|   18.734|
VendA          |Seven_segment_out<3>|   17.807|
VendA          |Seven_segment_out<4>|   15.921|
VendA          |Seven_segment_out<5>|   17.767|
VendA          |Seven_segment_out<6>|   19.769|
VendA          |SoldOut             |   12.067|
VendB          |MoreCash            |   10.770|
VendB          |Seven_segment_out<0>|   17.799|
VendB          |Seven_segment_out<1>|   18.830|
VendB          |Seven_segment_out<2>|   18.683|
VendB          |Seven_segment_out<3>|   17.756|
VendB          |Seven_segment_out<4>|   15.009|
VendB          |Seven_segment_out<5>|   17.716|
VendB          |Seven_segment_out<6>|   19.718|
VendB          |SoldOut             |   12.799|
VendC          |MoreCash            |    9.744|
VendC          |Seven_segment_out<0>|   15.717|
VendC          |Seven_segment_out<1>|   16.699|
VendC          |Seven_segment_out<2>|   17.827|
VendC          |Seven_segment_out<3>|   17.057|
VendC          |Seven_segment_out<4>|   15.051|
VendC          |Seven_segment_out<5>|   15.817|
VendC          |Seven_segment_out<6>|   18.862|
VendC          |SoldOut             |   11.630|
VendD          |MoreCash            |   10.390|
VendD          |Seven_segment_out<0>|   17.767|
VendD          |Seven_segment_out<1>|   18.749|
VendD          |Seven_segment_out<2>|   19.877|
VendD          |Seven_segment_out<3>|   19.107|
VendD          |Seven_segment_out<4>|   15.386|
VendD          |Seven_segment_out<5>|   16.101|
VendD          |Seven_segment_out<6>|   20.912|
VendD          |SoldOut             |   11.644|
---------------+--------------------+---------+


Analysis completed Wed Nov 18 23:20:55 2015 
--------------------------------------------------------------------------------

Trace Settings:
-------------------------
Trace Settings 

Peak Memory Usage: 158 MB



