--------------------------------------------------------------------------------
Release 14.4 Trace  (nt64)
Copyright (c) 1995-2012 Xilinx, Inc.  All rights reserved.

C:\Xilinx\14.4\ISE_DS\ISE\bin\nt64\unwrapped\trce.exe -intstyle ise -v 3 -s 4
-n 3 -fastpaths -xml VendMachine.twx VendMachine.ncd -o VendMachine.twr
VendMachine.pcf -ucf vend_uc.ucf

Design file:              VendMachine.ncd
Physical constraint file: VendMachine.pcf
Device,package,speed:     xc3s100e,cp132,-4 (PRODUCTION 1.27 2012-12-04)
Report level:             verbose report

Environment Variable      Effect 
--------------------      ------ 
NONE                      No environment variables were set
--------------------------------------------------------------------------------

INFO:Timing:2698 - No timing constraints found, doing default enumeration.
INFO:Timing:3412 - To improve timing, see the Timing Closure User Guide (UG612).
INFO:Timing:2752 - To get complete path coverage, use the unconstrained paths 
   option. All paths that are not constrained will be reported in the 
   unconstrained paths section(s) of the report.
INFO:Timing:3339 - The clock-to-out numbers in this timing report are based on 
   a 50 Ohm transmission line loading model.  For the details of this model, 
   and for more information on accounting for different loading conditions, 
   please see the device datasheet.
INFO:Timing:3390 - This architecture does not support a default System Jitter 
   value, please add SYSTEM_JITTER constraint to the UCF to modify the Clock 
   Uncertainty calculation.
INFO:Timing:3389 - This architecture does not support 'Discrete Jitter' and 
   'Phase Error' calculations, these terms will be zero in the Clock 
   Uncertainty calculation.  Please make appropriate modification to 
   SYSTEM_JITTER to account for the unsupported Discrete Jitter and Phase 
   Error.



Data Sheet report:
-----------------
All values displayed in nanoseconds (ns)

Clock Clock to Pad
--------------------+------------+------------------+--------+
                    | clk (edge) |                  | Clock  |
Destination         |   to PAD   |Internal Clock(s) | Phase  |
--------------------+------------+------------------+--------+
AN<0>               |   10.371(R)|Clock_BUFGP       |   0.000|
AN<1>               |   11.199(R)|Clock_BUFGP       |   0.000|
AN<2>               |   10.142(R)|Clock_BUFGP       |   0.000|
AN<3>               |    9.857(R)|Clock_BUFGP       |   0.000|
Clock_out           |    9.187(R)|Clock_BUFGP       |   0.000|
Seven_segment_out<0>|   10.854(R)|Clock_BUFGP       |   0.000|
Seven_segment_out<1>|   10.102(R)|Clock_BUFGP       |   0.000|
Seven_segment_out<2>|   10.855(R)|Clock_BUFGP       |   0.000|
Seven_segment_out<3>|   11.375(R)|Clock_BUFGP       |   0.000|
Seven_segment_out<4>|   10.629(R)|Clock_BUFGP       |   0.000|
Seven_segment_out<5>|    9.926(R)|Clock_BUFGP       |   0.000|
Seven_segment_out<6>|   10.854(R)|Clock_BUFGP       |   0.000|
--------------------+------------+------------------+--------+

Clock VendA to Pad
--------------------+------------+------------------+--------+
                    | clk (edge) |                  | Clock  |
Destination         |   to PAD   |Internal Clock(s) | Phase  |
--------------------+------------+------------------+--------+
Seven_segment_out<0>|   16.488(F)|ProdA_not0001     |   0.000|
Seven_segment_out<1>|   17.292(F)|ProdA_not0001     |   0.000|
Seven_segment_out<2>|   16.934(F)|ProdA_not0001     |   0.000|
Seven_segment_out<3>|   17.378(F)|ProdA_not0001     |   0.000|
Seven_segment_out<4>|   17.153(F)|ProdA_not0001     |   0.000|
Seven_segment_out<5>|   17.259(F)|ProdA_not0001     |   0.000|
Seven_segment_out<6>|   19.559(F)|ProdA_not0001     |   0.000|
--------------------+------------+------------------+--------+

Clock VendB to Pad
--------------------+------------+------------------+--------+
                    | clk (edge) |                  | Clock  |
Destination         |   to PAD   |Internal Clock(s) | Phase  |
--------------------+------------+------------------+--------+
Seven_segment_out<0>|   17.389(F)|ProdA_not0001     |   0.000|
Seven_segment_out<1>|   18.193(F)|ProdA_not0001     |   0.000|
Seven_segment_out<2>|   17.835(F)|ProdA_not0001     |   0.000|
Seven_segment_out<3>|   18.279(F)|ProdA_not0001     |   0.000|
Seven_segment_out<4>|   18.054(F)|ProdA_not0001     |   0.000|
Seven_segment_out<5>|   18.160(F)|ProdA_not0001     |   0.000|
Seven_segment_out<6>|   20.460(F)|ProdA_not0001     |   0.000|
--------------------+------------+------------------+--------+

Clock to Setup on destination clock Clock
---------------+---------+---------+---------+---------+
               | Src:Rise| Src:Fall| Src:Rise| Src:Fall|
Source Clock   |Dest:Rise|Dest:Rise|Dest:Fall|Dest:Fall|
---------------+---------+---------+---------+---------+
Clock          |    4.318|         |         |         |
---------------+---------+---------+---------+---------+

Clock to Setup on destination clock VendA
---------------+---------+---------+---------+---------+
               | Src:Rise| Src:Fall| Src:Rise| Src:Fall|
Source Clock   |Dest:Rise|Dest:Rise|Dest:Fall|Dest:Fall|
---------------+---------+---------+---------+---------+
VendA          |         |         |    2.867|    2.867|
---------------+---------+---------+---------+---------+

Clock to Setup on destination clock VendB
---------------+---------+---------+---------+---------+
               | Src:Rise| Src:Fall| Src:Rise| Src:Fall|
Source Clock   |Dest:Rise|Dest:Rise|Dest:Fall|Dest:Fall|
---------------+---------+---------+---------+---------+
VendA          |         |         |    2.147|    2.147|
---------------+---------+---------+---------+---------+

Pad to Pad
---------------+--------------------+---------+
Source Pad     |Destination Pad     |  Delay  |
---------------+--------------------+---------+
Toggle_Hex1    |Seven_segment_out<0>|   14.182|
Toggle_Hex1    |Seven_segment_out<1>|   12.900|
Toggle_Hex1    |Seven_segment_out<2>|   13.405|
Toggle_Hex1    |Seven_segment_out<3>|   12.876|
Toggle_Hex1    |Seven_segment_out<4>|   12.508|
Toggle_Hex1    |Seven_segment_out<5>|   12.664|
Toggle_Hex1    |Seven_segment_out<6>|   12.851|
Toggle_Hex2    |Seven_segment_out<0>|   13.695|
Toggle_Hex2    |Seven_segment_out<1>|   12.033|
Toggle_Hex2    |Seven_segment_out<2>|   12.538|
Toggle_Hex2    |Seven_segment_out<3>|   12.389|
Toggle_Hex2    |Seven_segment_out<4>|   11.813|
Toggle_Hex2    |Seven_segment_out<5>|   12.810|
Toggle_Hex2    |Seven_segment_out<6>|   12.952|
VendA          |MoreCash            |   12.491|
VendA          |Seven_segment_out<0>|   18.791|
VendA          |Seven_segment_out<1>|   19.272|
VendA          |Seven_segment_out<2>|   19.675|
VendA          |Seven_segment_out<3>|   18.913|
VendA          |Seven_segment_out<4>|   17.611|
VendA          |Seven_segment_out<5>|   18.414|
VendA          |Seven_segment_out<6>|   20.444|
VendA          |SoldOut             |   13.166|
VendB          |MoreCash            |   10.698|
VendB          |Seven_segment_out<0>|   17.682|
VendB          |Seven_segment_out<1>|   18.206|
VendB          |Seven_segment_out<2>|   18.506|
VendB          |Seven_segment_out<3>|   18.242|
VendB          |Seven_segment_out<4>|   17.978|
VendB          |Seven_segment_out<5>|   18.485|
VendB          |Seven_segment_out<6>|   20.384|
VendB          |SoldOut             |   13.176|
VendC          |MoreCash            |    8.084|
VendC          |Seven_segment_out<0>|   17.612|
VendC          |Seven_segment_out<1>|   17.941|
VendC          |Seven_segment_out<2>|   18.344|
VendC          |Seven_segment_out<3>|   18.172|
VendC          |Seven_segment_out<4>|   16.366|
VendC          |Seven_segment_out<5>|   17.673|
VendC          |Seven_segment_out<6>|   19.562|
VendC          |SoldOut             |   12.368|
VendD          |MoreCash            |    9.542|
VendD          |Seven_segment_out<0>|   17.216|
VendD          |Seven_segment_out<1>|   17.697|
VendD          |Seven_segment_out<2>|   18.100|
VendD          |Seven_segment_out<3>|   17.317|
VendD          |Seven_segment_out<4>|   16.036|
VendD          |Seven_segment_out<5>|   16.290|
VendD          |Seven_segment_out<6>|   18.869|
VendD          |SoldOut             |   10.492|
---------------+--------------------+---------+


Analysis completed Sun Nov 22 00:17:33 2015 
--------------------------------------------------------------------------------

Trace Settings:
-------------------------
Trace Settings 

Peak Memory Usage: 159 MB



