EN seven_segment NULL "C:/Users/Spencer Offenberger/implementation_vending_machine/seven_segment1.vhd" sub00/vhpl02 1448995348
AR buff behavioral "C:/Users/Spencer Offenberger/implementation_vending_machine/buff.vhd" sub00/vhpl05 1448995351
EN debounce NULL "C:/Users/Spencer Offenberger/implementation_vending_machine/debounce.vhd" sub00/vhpl00 1448995346
AR vendmachine behavioral "C:/Users/Spencer Offenberger/implementation_vending_machine/vendmach.vhd" sub00/vhpl07 1448995353
EN buff NULL "C:/Users/Spencer Offenberger/implementation_vending_machine/buff.vhd" sub00/vhpl04 1448995350
AR debounce clean_pulse "C:/Users/Spencer Offenberger/implementation_vending_machine/debounce.vhd" sub00/vhpl01 1448995347
AR seven_segment behavioral "C:/Users/Spencer Offenberger/implementation_vending_machine/seven_segment1.vhd" sub00/vhpl03 1448995349
EN vendmachine NULL "C:/Users/Spencer Offenberger/implementation_vending_machine/vendmach.vhd" sub00/vhpl06 1448995352
