V3 15
FL "C:/Users/Spencer Offenberger/implementation_vending_machine/buff.vhd" 2015/11/22.00:09:23 P.49d
EN work/Buff 1448320618 \
      FL "C:/Users/Spencer Offenberger/implementation_vending_machine/buff.vhd" \
      PB ieee/std_logic_1164 1354696159 PB ieee/std_logic_arith 1354696160
AR work/Buff/behavioral 1448320619 \
      FL "C:/Users/Spencer Offenberger/implementation_vending_machine/buff.vhd" \
      EN work/Buff 1448320618
FL "C:/Users/Spencer Offenberger/implementation_vending_machine/debounce.vhd" 2015/11/17.20:33:12 P.49d
EN work/DEBOUNCE 1448320614 \
      FL "C:/Users/Spencer Offenberger/implementation_vending_machine/debounce.vhd" \
      PB ieee/std_logic_1164 1354696159 PB ieee/std_logic_arith 1354696160 \
      PB ieee/STD_LOGIC_UNSIGNED 1354696162
AR work/DEBOUNCE/clean_pulse 1448320615 \
      FL "C:/Users/Spencer Offenberger/implementation_vending_machine/debounce.vhd" \
      EN work/DEBOUNCE 1448320614
FL "C:/Users/Spencer Offenberger/implementation_vending_machine/seven_segment1.vhd" 2015/11/17.21:10:49 P.49d
EN work/seven_segment 1448320616 \
      FL "C:/Users/Spencer Offenberger/implementation_vending_machine/seven_segment1.vhd" \
      PB ieee/std_logic_1164 1354696159 PB ieee/NUMERIC_STD 1354696164
AR work/seven_segment/Behavioral 1448320617 \
      FL "C:/Users/Spencer Offenberger/implementation_vending_machine/seven_segment1.vhd" \
      EN work/seven_segment 1448320616
FL "C:/Users/Spencer Offenberger/implementation_vending_machine/vendmach.vhd" 2015/11/23.16:16:51 P.49d
EN work/VendMachine 1448320620 \
      FL "C:/Users/Spencer Offenberger/implementation_vending_machine/vendmach.vhd" \
      PB ieee/std_logic_1164 1354696159 PB ieee/NUMERIC_STD 1354696164 \
      PB ieee/std_logic_arith 1354696160 PB ieee/STD_LOGIC_UNSIGNED 1354696162
AR work/VendMachine/Behavioral 1448320621 \
      FL "C:/Users/Spencer Offenberger/implementation_vending_machine/vendmach.vhd" \
      EN work/VendMachine 1448320620 CP DEBOUNCE CP seven_segment CP Buff
