AR debounce clean_pulse "C:/Users/Spencer Offenberger/final_project_eee_333/debounce.vhd" sub00/vhpl01 1447917624
AR seven_segment behavioral "C:/Users/Spencer Offenberger/final_project_eee_333/seven_segment1.vhd" sub00/vhpl03 1447917626
EN debounce NULL "C:/Users/Spencer Offenberger/final_project_eee_333/debounce.vhd" sub00/vhpl00 1447917623
EN seven_segment NULL "C:/Users/Spencer Offenberger/final_project_eee_333/seven_segment1.vhd" sub00/vhpl02 1447917625
AR vendmachine behavioral "C:/Users/Spencer Offenberger/final_project_eee_333/vendmach.vhd" sub00/vhpl05 1447917628
EN vendmachine NULL "C:/Users/Spencer Offenberger/final_project_eee_333/vendmach.vhd" sub00/vhpl04 1447917627
