--------------------------------------------------------------------------------
Release 14.4 Trace  (nt)
Copyright (c) 1995-2012 Xilinx, Inc.  All rights reserved.

C:\Xilinx\14.4\ISE_DS\ISE\bin\nt\unwrapped\trce.exe -intstyle ise -v 3 -s 4 -n
3 -fastpaths -xml VendMachine.twx VendMachine.ncd -o VendMachine.twr
VendMachine.pcf -ucf vend_uc.ucf

Design file:              VendMachine.ncd
Physical constraint file: VendMachine.pcf
Device,package,speed:     xc3s100e,cp132,-4 (PRODUCTION 1.27 2012-12-04)
Report level:             verbose report

Environment Variable      Effect 
--------------------      ------ 
NONE                      No environment variables were set
--------------------------------------------------------------------------------

INFO:Timing:2698 - No timing constraints found, doing default enumeration.
INFO:Timing:3412 - To improve timing, see the Timing Closure User Guide (UG612).
INFO:Timing:2752 - To get complete path coverage, use the unconstrained paths 
   option. All paths that are not constrained will be reported in the 
   unconstrained paths section(s) of the report.
INFO:Timing:3339 - The clock-to-out numbers in this timing report are based on 
   a 50 Ohm transmission line loading model.  For the details of this model, 
   and for more information on accounting for different loading conditions, 
   please see the device datasheet.
INFO:Timing:3390 - This architecture does not support a default System Jitter 
   value, please add SYSTEM_JITTER constraint to the UCF to modify the Clock 
   Uncertainty calculation.
INFO:Timing:3389 - This architecture does not support 'Discrete Jitter' and 
   'Phase Error' calculations, these terms will be zero in the Clock 
   Uncertainty calculation.  Please make appropriate modification to 
   SYSTEM_JITTER to account for the unsupported Discrete Jitter and Phase 
   Error.



Data Sheet report:
-----------------
All values displayed in nanoseconds (ns)

Clock Clock to Pad
--------------------+------------+------------------+--------+
                    | clk (edge) |                  | Clock  |
Destination         |   to PAD   |Internal Clock(s) | Phase  |
--------------------+------------+------------------+--------+
AN<0>               |   10.201(R)|Clock_BUFGP       |   0.000|
AN<1>               |   10.944(R)|Clock_BUFGP       |   0.000|
AN<2>               |    9.724(R)|Clock_BUFGP       |   0.000|
AN<3>               |    9.659(R)|Clock_BUFGP       |   0.000|
Clock_out           |    9.195(R)|Clock_BUFGP       |   0.000|
Seven_segment_out<0>|   10.351(R)|Clock_BUFGP       |   0.000|
Seven_segment_out<1>|   10.019(R)|Clock_BUFGP       |   0.000|
Seven_segment_out<2>|   10.882(R)|Clock_BUFGP       |   0.000|
Seven_segment_out<3>|   10.312(R)|Clock_BUFGP       |   0.000|
Seven_segment_out<4>|   11.243(R)|Clock_BUFGP       |   0.000|
Seven_segment_out<5>|   10.311(R)|Clock_BUFGP       |   0.000|
Seven_segment_out<6>|   10.630(R)|Clock_BUFGP       |   0.000|
--------------------+------------+------------------+--------+

Clock VendA to Pad
--------------------+------------+------------------+--------+
                    | clk (edge) |                  | Clock  |
Destination         |   to PAD   |Internal Clock(s) | Phase  |
--------------------+------------+------------------+--------+
Seven_segment_out<0>|   16.352(F)|ProdA_not0001     |   0.000|
Seven_segment_out<1>|   14.588(F)|ProdA_not0001     |   0.000|
Seven_segment_out<2>|   18.443(F)|ProdA_not0001     |   0.000|
Seven_segment_out<3>|   16.960(F)|ProdA_not0001     |   0.000|
Seven_segment_out<4>|   18.782(F)|ProdA_not0001     |   0.000|
Seven_segment_out<5>|   17.005(F)|ProdA_not0001     |   0.000|
Seven_segment_out<6>|   17.802(F)|ProdA_not0001     |   0.000|
--------------------+------------+------------------+--------+

Clock VendB to Pad
--------------------+------------+------------------+--------+
                    | clk (edge) |                  | Clock  |
Destination         |   to PAD   |Internal Clock(s) | Phase  |
--------------------+------------+------------------+--------+
Seven_segment_out<0>|   20.118(F)|ProdA_not0001     |   0.000|
Seven_segment_out<1>|   18.354(F)|ProdA_not0001     |   0.000|
Seven_segment_out<2>|   22.209(F)|ProdA_not0001     |   0.000|
Seven_segment_out<3>|   20.726(F)|ProdA_not0001     |   0.000|
Seven_segment_out<4>|   22.548(F)|ProdA_not0001     |   0.000|
Seven_segment_out<5>|   20.771(F)|ProdA_not0001     |   0.000|
Seven_segment_out<6>|   21.568(F)|ProdA_not0001     |   0.000|
--------------------+------------+------------------+--------+

Clock to Setup on destination clock Clock
---------------+---------+---------+---------+---------+
               | Src:Rise| Src:Fall| Src:Rise| Src:Fall|
Source Clock   |Dest:Rise|Dest:Rise|Dest:Fall|Dest:Fall|
---------------+---------+---------+---------+---------+
Clock          |    4.299|         |         |         |
---------------+---------+---------+---------+---------+

Clock to Setup on destination clock VendA
---------------+---------+---------+---------+---------+
               | Src:Rise| Src:Fall| Src:Rise| Src:Fall|
Source Clock   |Dest:Rise|Dest:Rise|Dest:Fall|Dest:Fall|
---------------+---------+---------+---------+---------+
VendA          |         |         |    2.171|    2.171|
---------------+---------+---------+---------+---------+

Clock to Setup on destination clock VendB
---------------+---------+---------+---------+---------+
               | Src:Rise| Src:Fall| Src:Rise| Src:Fall|
Source Clock   |Dest:Rise|Dest:Rise|Dest:Fall|Dest:Fall|
---------------+---------+---------+---------+---------+
VendA          |         |         |   -0.841|   -0.841|
---------------+---------+---------+---------+---------+

Pad to Pad
---------------+--------------------+---------+
Source Pad     |Destination Pad     |  Delay  |
---------------+--------------------+---------+
Toggle_Hex1    |Seven_segment_out<0>|   13.932|
Toggle_Hex1    |Seven_segment_out<1>|   13.904|
Toggle_Hex1    |Seven_segment_out<2>|   15.027|
Toggle_Hex1    |Seven_segment_out<3>|   13.831|
Toggle_Hex1    |Seven_segment_out<4>|   12.561|
Toggle_Hex1    |Seven_segment_out<5>|   12.707|
Toggle_Hex1    |Seven_segment_out<6>|   13.982|
Toggle_Hex2    |Seven_segment_out<0>|   14.269|
Toggle_Hex2    |Seven_segment_out<1>|   14.241|
Toggle_Hex2    |Seven_segment_out<2>|   15.364|
Toggle_Hex2    |Seven_segment_out<3>|   14.168|
Toggle_Hex2    |Seven_segment_out<4>|   13.005|
Toggle_Hex2    |Seven_segment_out<5>|   12.409|
Toggle_Hex2    |Seven_segment_out<6>|   13.895|
VendA          |MoreCash            |   11.404|
VendA          |Seven_segment_out<0>|   16.116|
VendA          |Seven_segment_out<1>|   15.588|
VendA          |Seven_segment_out<2>|   15.575|
VendA          |Seven_segment_out<3>|   16.699|
VendA          |Seven_segment_out<4>|   15.824|
VendA          |Seven_segment_out<5>|   16.621|
VendA          |Seven_segment_out<6>|   16.444|
VendA          |SoldOut             |   11.030|
VendB          |MoreCash            |   11.233|
VendB          |Seven_segment_out<0>|   18.814|
VendB          |Seven_segment_out<1>|   18.286|
VendB          |Seven_segment_out<2>|   19.330|
VendB          |Seven_segment_out<3>|   19.397|
VendB          |Seven_segment_out<4>|   19.669|
VendB          |Seven_segment_out<5>|   19.730|
VendB          |Seven_segment_out<6>|   19.142|
VendB          |SoldOut             |   13.184|
VendC          |MoreCash            |    9.247|
VendC          |Seven_segment_out<0>|   17.590|
VendC          |Seven_segment_out<1>|   17.062|
VendC          |Seven_segment_out<2>|   17.087|
VendC          |Seven_segment_out<3>|   18.173|
VendC          |Seven_segment_out<4>|   18.044|
VendC          |Seven_segment_out<5>|   18.624|
VendC          |Seven_segment_out<6>|   17.918|
VendC          |SoldOut             |   12.281|
VendD          |MoreCash            |    8.672|
VendD          |Seven_segment_out<0>|   15.762|
VendD          |Seven_segment_out<1>|   15.234|
VendD          |Seven_segment_out<2>|   15.221|
VendD          |Seven_segment_out<3>|   16.345|
VendD          |Seven_segment_out<5>|   16.267|
VendD          |Seven_segment_out<6>|   16.090|
VendD          |SoldOut             |   10.966|
---------------+--------------------+---------+


Analysis completed Tue Dec 01 11:42:56 2015 
--------------------------------------------------------------------------------

Trace Settings:
-------------------------
Trace Settings 

Peak Memory Usage: 127 MB



