--------------------------------------------------------------------------------
Release 14.4 Trace  (nt)
Copyright (c) 1995-2012 Xilinx, Inc.  All rights reserved.

C:\Xilinx\14.4\ISE_DS\ISE\bin\nt\unwrapped\trce.exe -intstyle ise -v 3 -s 4 -n
3 -fastpaths -xml VendMachine.twx VendMachine.ncd -o VendMachine.twr
VendMachine.pcf -ucf vend_uc.ucf

Design file:              VendMachine.ncd
Physical constraint file: VendMachine.pcf
Device,package,speed:     xc3s100e,cp132,-4 (PRODUCTION 1.27 2012-12-04)
Report level:             verbose report

Environment Variable      Effect 
--------------------      ------ 
NONE                      No environment variables were set
--------------------------------------------------------------------------------

INFO:Timing:2698 - No timing constraints found, doing default enumeration.
INFO:Timing:3412 - To improve timing, see the Timing Closure User Guide (UG612).
INFO:Timing:2752 - To get complete path coverage, use the unconstrained paths 
   option. All paths that are not constrained will be reported in the 
   unconstrained paths section(s) of the report.
INFO:Timing:3339 - The clock-to-out numbers in this timing report are based on 
   a 50 Ohm transmission line loading model.  For the details of this model, 
   and for more information on accounting for different loading conditions, 
   please see the device datasheet.
INFO:Timing:3390 - This architecture does not support a default System Jitter 
   value, please add SYSTEM_JITTER constraint to the UCF to modify the Clock 
   Uncertainty calculation.
INFO:Timing:3389 - This architecture does not support 'Discrete Jitter' and 
   'Phase Error' calculations, these terms will be zero in the Clock 
   Uncertainty calculation.  Please make appropriate modification to 
   SYSTEM_JITTER to account for the unsupported Discrete Jitter and Phase 
   Error.



Data Sheet report:
-----------------
All values displayed in nanoseconds (ns)

Clock Clock to Pad
--------------------+------------+------------------+--------+
                    | clk (edge) |                  | Clock  |
Destination         |   to PAD   |Internal Clock(s) | Phase  |
--------------------+------------+------------------+--------+
AN<0>               |   10.457(R)|Clock_BUFGP       |   0.000|
AN<1>               |   10.341(R)|Clock_BUFGP       |   0.000|
AN<2>               |    9.378(R)|Clock_BUFGP       |   0.000|
AN<3>               |    9.492(R)|Clock_BUFGP       |   0.000|
Clock_out           |    9.491(R)|Clock_BUFGP       |   0.000|
Seven_segment_out<0>|   10.125(R)|Clock_BUFGP       |   0.000|
Seven_segment_out<1>|    9.385(R)|Clock_BUFGP       |   0.000|
Seven_segment_out<2>|   10.742(R)|Clock_BUFGP       |   0.000|
Seven_segment_out<3>|   10.793(R)|Clock_BUFGP       |   0.000|
Seven_segment_out<4>|   10.571(R)|Clock_BUFGP       |   0.000|
Seven_segment_out<5>|   10.261(R)|Clock_BUFGP       |   0.000|
Seven_segment_out<6>|   11.240(R)|Clock_BUFGP       |   0.000|
--------------------+------------+------------------+--------+

Clock VendA to Pad
--------------------+------------+------------------+--------+
                    | clk (edge) |                  | Clock  |
Destination         |   to PAD   |Internal Clock(s) | Phase  |
--------------------+------------+------------------+--------+
Seven_segment_out<0>|   15.892(F)|ProdA_not0001     |   0.000|
Seven_segment_out<1>|   16.860(F)|ProdA_not0001     |   0.000|
Seven_segment_out<2>|   16.378(F)|ProdA_not0001     |   0.000|
Seven_segment_out<3>|   14.969(F)|ProdA_not0001     |   0.000|
Seven_segment_out<4>|   15.141(F)|ProdA_not0001     |   0.000|
Seven_segment_out<5>|   13.649(F)|ProdA_not0001     |   0.000|
Seven_segment_out<6>|   17.023(F)|ProdA_not0001     |   0.000|
--------------------+------------+------------------+--------+

Clock VendB to Pad
--------------------+------------+------------------+--------+
                    | clk (edge) |                  | Clock  |
Destination         |   to PAD   |Internal Clock(s) | Phase  |
--------------------+------------+------------------+--------+
Seven_segment_out<0>|   18.314(F)|ProdA_not0001     |   0.000|
Seven_segment_out<1>|   19.282(F)|ProdA_not0001     |   0.000|
Seven_segment_out<2>|   18.800(F)|ProdA_not0001     |   0.000|
Seven_segment_out<3>|   17.391(F)|ProdA_not0001     |   0.000|
Seven_segment_out<4>|   17.563(F)|ProdA_not0001     |   0.000|
Seven_segment_out<5>|   16.071(F)|ProdA_not0001     |   0.000|
Seven_segment_out<6>|   19.445(F)|ProdA_not0001     |   0.000|
--------------------+------------+------------------+--------+

Clock to Setup on destination clock Clock
---------------+---------+---------+---------+---------+
               | Src:Rise| Src:Fall| Src:Rise| Src:Fall|
Source Clock   |Dest:Rise|Dest:Rise|Dest:Fall|Dest:Fall|
---------------+---------+---------+---------+---------+
Clock          |    4.299|         |         |         |
---------------+---------+---------+---------+---------+

Clock to Setup on destination clock VendA
---------------+---------+---------+---------+---------+
               | Src:Rise| Src:Fall| Src:Rise| Src:Fall|
Source Clock   |Dest:Rise|Dest:Rise|Dest:Fall|Dest:Fall|
---------------+---------+---------+---------+---------+
VendA          |         |         |    2.725|    2.725|
---------------+---------+---------+---------+---------+

Clock to Setup on destination clock VendB
---------------+---------+---------+---------+---------+
               | Src:Rise| Src:Fall| Src:Rise| Src:Fall|
Source Clock   |Dest:Rise|Dest:Rise|Dest:Fall|Dest:Fall|
---------------+---------+---------+---------+---------+
VendA          |         |         |    0.788|    0.788|
---------------+---------+---------+---------+---------+

Pad to Pad
---------------+--------------------+---------+
Source Pad     |Destination Pad     |  Delay  |
---------------+--------------------+---------+
Toggle_Hex1    |Seven_segment_out<0>|   12.822|
Toggle_Hex1    |Seven_segment_out<1>|   11.933|
Toggle_Hex1    |Seven_segment_out<2>|   13.597|
Toggle_Hex1    |Seven_segment_out<3>|   13.758|
Toggle_Hex1    |Seven_segment_out<4>|   12.630|
Toggle_Hex1    |Seven_segment_out<5>|   12.106|
Toggle_Hex1    |Seven_segment_out<6>|   13.324|
Toggle_Hex2    |Seven_segment_out<0>|   13.339|
Toggle_Hex2    |Seven_segment_out<1>|   12.625|
Toggle_Hex2    |Seven_segment_out<2>|   13.524|
Toggle_Hex2    |Seven_segment_out<3>|   14.035|
Toggle_Hex2    |Seven_segment_out<4>|   13.505|
Toggle_Hex2    |Seven_segment_out<5>|   12.798|
Toggle_Hex2    |Seven_segment_out<6>|   12.922|
VendA          |MoreCash            |   10.036|
VendA          |Seven_segment_out<0>|   16.051|
VendA          |Seven_segment_out<1>|   17.015|
VendA          |Seven_segment_out<2>|   19.397|
VendA          |Seven_segment_out<3>|   18.185|
VendA          |Seven_segment_out<4>|   17.315|
VendA          |Seven_segment_out<5>|   17.961|
VendA          |Seven_segment_out<6>|   20.042|
VendA          |SoldOut             |   12.085|
VendB          |MoreCash            |   10.441|
VendB          |Seven_segment_out<0>|   18.291|
VendB          |Seven_segment_out<1>|   18.246|
VendB          |Seven_segment_out<2>|   19.588|
VendB          |Seven_segment_out<3>|   19.363|
VendB          |Seven_segment_out<4>|   18.493|
VendB          |Seven_segment_out<5>|   18.152|
VendB          |Seven_segment_out<6>|   20.233|
VendB          |SoldOut             |   11.685|
VendC          |MoreCash            |   10.164|
VendC          |Seven_segment_out<0>|   14.619|
VendC          |Seven_segment_out<1>|   15.583|
VendC          |Seven_segment_out<2>|   17.965|
VendC          |Seven_segment_out<3>|   16.753|
VendC          |Seven_segment_out<4>|   15.883|
VendC          |Seven_segment_out<5>|   16.529|
VendC          |Seven_segment_out<6>|   18.610|
VendC          |SoldOut             |   10.764|
VendD          |MoreCash            |   11.145|
VendD          |Seven_segment_out<0>|   17.035|
VendD          |Seven_segment_out<1>|   16.990|
VendD          |Seven_segment_out<2>|   17.350|
VendD          |Seven_segment_out<3>|   18.107|
VendD          |Seven_segment_out<4>|   17.237|
VendD          |Seven_segment_out<5>|   15.323|
VendD          |Seven_segment_out<6>|   16.367|
VendD          |SoldOut             |   11.624|
---------------+--------------------+---------+


Analysis completed Tue Dec 01 21:59:42 2015 
--------------------------------------------------------------------------------

Trace Settings:
-------------------------
Trace Settings 

Peak Memory Usage: 128 MB



