--------------------------------------------------------------------------------
Release 14.4 Trace  (nt)
Copyright (c) 1995-2012 Xilinx, Inc.  All rights reserved.

C:\Xilinx\14.4\ISE_DS\ISE\bin\nt\unwrapped\trce.exe -intstyle ise -v 3 -s 4 -n
3 -fastpaths -xml VendMachine.twx VendMachine.ncd -o VendMachine.twr
VendMachine.pcf -ucf vend_uc.ucf

Design file:              VendMachine.ncd
Physical constraint file: VendMachine.pcf
Device,package,speed:     xc3s100e,cp132,-4 (PRODUCTION 1.27 2012-12-04)
Report level:             verbose report

Environment Variable      Effect 
--------------------      ------ 
NONE                      No environment variables were set
--------------------------------------------------------------------------------

INFO:Timing:2698 - No timing constraints found, doing default enumeration.
INFO:Timing:3412 - To improve timing, see the Timing Closure User Guide (UG612).
INFO:Timing:2752 - To get complete path coverage, use the unconstrained paths 
   option. All paths that are not constrained will be reported in the 
   unconstrained paths section(s) of the report.
INFO:Timing:3339 - The clock-to-out numbers in this timing report are based on 
   a 50 Ohm transmission line loading model.  For the details of this model, 
   and for more information on accounting for different loading conditions, 
   please see the device datasheet.
INFO:Timing:3390 - This architecture does not support a default System Jitter 
   value, please add SYSTEM_JITTER constraint to the UCF to modify the Clock 
   Uncertainty calculation.
INFO:Timing:3389 - This architecture does not support 'Discrete Jitter' and 
   'Phase Error' calculations, these terms will be zero in the Clock 
   Uncertainty calculation.  Please make appropriate modification to 
   SYSTEM_JITTER to account for the unsupported Discrete Jitter and Phase 
   Error.



Data Sheet report:
-----------------
All values displayed in nanoseconds (ns)

Clock Clock to Pad
--------------------+------------+------------------+--------+
                    | clk (edge) |                  | Clock  |
Destination         |   to PAD   |Internal Clock(s) | Phase  |
--------------------+------------+------------------+--------+
AN<0>               |    9.122(R)|Clock_BUFGP       |   0.000|
AN<1>               |    9.914(R)|Clock_BUFGP       |   0.000|
AN<2>               |    9.805(R)|Clock_BUFGP       |   0.000|
AN<3>               |    9.707(R)|Clock_BUFGP       |   0.000|
Clock_out           |    8.713(R)|Clock_BUFGP       |   0.000|
Seven_segment_out<0>|    9.914(R)|Clock_BUFGP       |   0.000|
Seven_segment_out<1>|   10.428(R)|Clock_BUFGP       |   0.000|
Seven_segment_out<2>|    9.925(R)|Clock_BUFGP       |   0.000|
Seven_segment_out<3>|   10.243(R)|Clock_BUFGP       |   0.000|
Seven_segment_out<4>|   10.628(R)|Clock_BUFGP       |   0.000|
Seven_segment_out<5>|   11.108(R)|Clock_BUFGP       |   0.000|
Seven_segment_out<6>|   10.052(R)|Clock_BUFGP       |   0.000|
--------------------+------------+------------------+--------+

Clock VendA to Pad
--------------------+------------+------------------+--------+
                    | clk (edge) |                  | Clock  |
Destination         |   to PAD   |Internal Clock(s) | Phase  |
--------------------+------------+------------------+--------+
Seven_segment_out<0>|   23.085(F)|ProdA_not0001     |   0.000|
Seven_segment_out<1>|   20.209(F)|ProdA_not0001     |   0.000|
Seven_segment_out<2>|   20.219(F)|ProdA_not0001     |   0.000|
Seven_segment_out<3>|   18.492(F)|ProdA_not0001     |   0.000|
Seven_segment_out<4>|   18.028(F)|ProdA_not0001     |   0.000|
Seven_segment_out<5>|   19.149(F)|ProdA_not0001     |   0.000|
Seven_segment_out<6>|   20.527(F)|ProdA_not0001     |   0.000|
--------------------+------------+------------------+--------+

Clock VendB to Pad
--------------------+------------+------------------+--------+
                    | clk (edge) |                  | Clock  |
Destination         |   to PAD   |Internal Clock(s) | Phase  |
--------------------+------------+------------------+--------+
Seven_segment_out<0>|   23.885(F)|ProdA_not0001     |   0.000|
Seven_segment_out<1>|   21.009(F)|ProdA_not0001     |   0.000|
Seven_segment_out<2>|   21.019(F)|ProdA_not0001     |   0.000|
Seven_segment_out<3>|   19.292(F)|ProdA_not0001     |   0.000|
Seven_segment_out<4>|   18.828(F)|ProdA_not0001     |   0.000|
Seven_segment_out<5>|   19.949(F)|ProdA_not0001     |   0.000|
Seven_segment_out<6>|   21.327(F)|ProdA_not0001     |   0.000|
--------------------+------------+------------------+--------+

Clock to Setup on destination clock Clock
---------------+---------+---------+---------+---------+
               | Src:Rise| Src:Fall| Src:Rise| Src:Fall|
Source Clock   |Dest:Rise|Dest:Rise|Dest:Fall|Dest:Fall|
---------------+---------+---------+---------+---------+
Clock          |    4.303|         |         |         |
---------------+---------+---------+---------+---------+

Clock to Setup on destination clock VendA
---------------+---------+---------+---------+---------+
               | Src:Rise| Src:Fall| Src:Rise| Src:Fall|
Source Clock   |Dest:Rise|Dest:Rise|Dest:Fall|Dest:Fall|
---------------+---------+---------+---------+---------+
VendA          |         |         |   -0.755|   -0.755|
---------------+---------+---------+---------+---------+

Clock to Setup on destination clock VendB
---------------+---------+---------+---------+---------+
               | Src:Rise| Src:Fall| Src:Rise| Src:Fall|
Source Clock   |Dest:Rise|Dest:Rise|Dest:Fall|Dest:Fall|
---------------+---------+---------+---------+---------+
VendA          |         |         |   -1.394|   -1.394|
---------------+---------+---------+---------+---------+

Pad to Pad
---------------+--------------------+---------+
Source Pad     |Destination Pad     |  Delay  |
---------------+--------------------+---------+
Toggle_Hex1    |Seven_segment_out<0>|   11.890|
Toggle_Hex1    |Seven_segment_out<1>|   13.312|
Toggle_Hex1    |Seven_segment_out<2>|   12.946|
Toggle_Hex1    |Seven_segment_out<3>|   13.109|
Toggle_Hex1    |Seven_segment_out<4>|   12.302|
Toggle_Hex1    |Seven_segment_out<5>|   12.873|
Toggle_Hex1    |Seven_segment_out<6>|   13.042|
Toggle_Hex2    |Seven_segment_out<0>|   13.298|
Toggle_Hex2    |Seven_segment_out<1>|   14.624|
Toggle_Hex2    |Seven_segment_out<2>|   12.701|
Toggle_Hex2    |Seven_segment_out<3>|   13.964|
Toggle_Hex2    |Seven_segment_out<4>|   13.186|
Toggle_Hex2    |Seven_segment_out<5>|   14.262|
Toggle_Hex2    |Seven_segment_out<6>|   13.096|
VendA          |MoreCash            |   11.213|
VendA          |Seven_segment_out<0>|   14.976|
VendA          |Seven_segment_out<1>|   16.432|
VendA          |Seven_segment_out<2>|   17.712|
VendA          |Seven_segment_out<3>|   16.546|
VendA          |Seven_segment_out<4>|   15.165|
VendA          |Seven_segment_out<5>|   16.398|
VendA          |Seven_segment_out<6>|   17.895|
VendA          |SoldOut             |    9.791|
VendB          |MoreCash            |   10.411|
VendB          |Seven_segment_out<0>|   16.477|
VendB          |Seven_segment_out<1>|   17.767|
VendB          |Seven_segment_out<2>|   18.087|
VendB          |Seven_segment_out<3>|   17.103|
VendB          |Seven_segment_out<4>|   15.722|
VendB          |Seven_segment_out<5>|   17.091|
VendB          |Seven_segment_out<6>|   18.270|
VendB          |SoldOut             |   10.528|
VendC          |MoreCash            |    9.364|
VendC          |Seven_segment_out<0>|   14.558|
VendC          |Seven_segment_out<1>|   16.014|
VendC          |Seven_segment_out<2>|   17.294|
VendC          |Seven_segment_out<3>|   16.128|
VendC          |Seven_segment_out<4>|   14.747|
VendC          |Seven_segment_out<5>|   15.980|
VendC          |Seven_segment_out<6>|   17.477|
VendC          |SoldOut             |   12.911|
VendD          |MoreCash            |   11.091|
VendD          |Seven_segment_out<0>|   16.804|
VendD          |Seven_segment_out<1>|   18.094|
VendD          |Seven_segment_out<2>|   16.970|
VendD          |Seven_segment_out<3>|   17.430|
VendD          |Seven_segment_out<4>|   16.049|
VendD          |Seven_segment_out<5>|   17.418|
VendD          |Seven_segment_out<6>|   16.924|
VendD          |SoldOut             |   12.662|
---------------+--------------------+---------+


Analysis completed Tue Dec 01 21:42:58 2015 
--------------------------------------------------------------------------------

Trace Settings:
-------------------------
Trace Settings 

Peak Memory Usage: 127 MB



